Success: Auth success.
Server: Display Name has joined default.
Success: Join success.
Server: Display Name has joined channel1.